Release 14.7 - xst P.20131013 (nt64)
Copyright (c) 1995-2013 Xilinx, Inc.  All rights reserved.
--> Parameter TMPDIR set to xst/projnav.tmp


Total REAL time to Xst completion: 1.00 secs
Total CPU time to Xst completion: 0.70 secs
 
--> Parameter xsthdpdir set to xst


Total REAL time to Xst completion: 1.00 secs
Total CPU time to Xst completion: 0.71 secs
 
--> Reading design: test_cam.prj

TABLE OF CONTENTS
  1) Synthesis Options Summary
  2) HDL Parsing
  3) HDL Elaboration
  4) HDL Synthesis
       4.1) HDL Synthesis Report
  5) Advanced HDL Synthesis
       5.1) Advanced HDL Synthesis Report
  6) Low Level Synthesis
  7) Partition Report
  8) Design Summary
       8.1) Primitive and Black Box Usage
       8.2) Device utilization summary
       8.3) Partition Resource Summary
       8.4) Timing Report
            8.4.1) Clock Information
            8.4.2) Asynchronous Control Signals Information
            8.4.3) Timing Summary
            8.4.4) Timing Details
            8.4.5) Cross Clock Domains Report


=========================================================================
*                      Synthesis Options Summary                        *
=========================================================================
---- Source Parameters
Input File Name                    : "test_cam.prj"
Ignore Synthesis Constraint File   : NO

---- Target Parameters
Output File Name                   : "test_cam"
Output Format                      : NGC
Target Device                      : xc7a100t-3-csg324

---- Source Options
Top Module Name                    : test_cam
Automatic FSM Extraction           : YES
FSM Encoding Algorithm             : Auto
Safe Implementation                : No
FSM Style                          : LUT
RAM Extraction                     : Yes
RAM Style                          : Auto
ROM Extraction                     : Yes
Shift Register Extraction          : YES
ROM Style                          : Auto
Resource Sharing                   : YES
Asynchronous To Synchronous        : NO
Shift Register Minimum Size        : 2
Use DSP Block                      : Auto
Automatic Register Balancing       : No

---- Target Options
LUT Combining                      : Auto
Reduce Control Sets                : Auto
Add IO Buffers                     : YES
Global Maximum Fanout              : 100000
Add Generic Clock Buffer(BUFG)     : 32
Register Duplication               : YES
Optimize Instantiated Primitives   : NO
Use Clock Enable                   : Auto
Use Synchronous Set                : Auto
Use Synchronous Reset              : Auto
Pack IO Registers into IOBs        : Auto
Equivalent register Removal        : YES

---- General Options
Optimization Goal                  : Speed
Optimization Effort                : 1
Power Reduction                    : NO
Keep Hierarchy                     : No
Netlist Hierarchy                  : As_Optimized
RTL Output                         : Yes
Global Optimization                : AllClockNets
Read Cores                         : YES
Write Timing Constraints           : NO
Cross Clock Analysis               : NO
Hierarchy Separator                : /
Bus Delimiter                      : <>
Case Specifier                     : Maintain
Slice Utilization Ratio            : 100
BRAM Utilization Ratio             : 100
DSP48 Utilization Ratio            : 100
Auto BRAM Packing                  : NO
Slice Utilization Ratio Delta      : 5

=========================================================================


=========================================================================
*                          HDL Parsing                                  *
=========================================================================
Analyzing Verilog file "C:\Users\USER PC\Trabajo\David\Repositorios\work02-captura-datos-0v7670-grupo-02\hdl\src\VGA_driver.v" into library work
Parsing module <VGA_Driver640x480>.
Analyzing Verilog file "C:\Users\USER PC\Trabajo\David\Repositorios\work02-captura-datos-0v7670-grupo-02\hdl\src\PLL\clk_100_25_24.v" into library work
Parsing module <clk_100_25_24>.
Analyzing Verilog file "C:\Users\USER PC\Trabajo\David\Repositorios\work02-captura-datos-0v7670-grupo-02\hdl\src\Capturador_DD.v" into library work
Parsing module <Capturador_DD>.
Analyzing Verilog file "C:\Users\USER PC\Trabajo\David\Repositorios\work02-captura-datos-0v7670-grupo-02\hdl\src\buffer_ram_dp.v" into library work
Parsing module <buffer_ram_dp>.
Analyzing Verilog file "C:\Users\USER PC\Trabajo\David\Repositorios\work02-captura-datos-0v7670-grupo-02\hdl\src\test_cam.v" into library work
Parsing module <test_cam>.

=========================================================================
*                            HDL Elaboration                            *
=========================================================================
WARNING:HDLCompiler:1016 - "C:\Users\USER PC\Trabajo\David\Repositorios\work02-captura-datos-0v7670-grupo-02\hdl\src\test_cam.v" Line 123: Port LOCKED is not connected to this instance

Elaborating module <test_cam>.

Elaborating module <Capturador_DD>.
WARNING:HDLCompiler:413 - "C:\Users\USER PC\Trabajo\David\Repositorios\work02-captura-datos-0v7670-grupo-02\hdl\src\Capturador_DD.v" Line 52: Result of 18-bit expression is truncated to fit in 17-bit target.

Elaborating module <clk_100_25_24>.

Elaborating module <BUFG>.

Elaborating module <MMCME2_ADV(BANDWIDTH="OPTIMIZED",CLKOUT4_CASCADE="FALSE",COMPENSATION="ZHOLD",STARTUP_WAIT="FALSE",DIVCLK_DIVIDE=1,CLKFBOUT_MULT_F=12.0,CLKFBOUT_PHASE=0.0,CLKFBOUT_USE_FINE_PS="FALSE",CLKOUT0_DIVIDE_F=48.0,CLKOUT0_PHASE=0.0,CLKOUT0_DUTY_CYCLE=0.5,CLKOUT0_USE_FINE_PS="FALSE",CLKOUT1_DIVIDE=50,CLKOUT1_PHASE=0.0,CLKOUT1_DUTY_CYCLE=0.5,CLKOUT1_USE_FINE_PS="FALSE",CLKIN1_PERIOD=10.0,REF_JITTER1=0.01)>.
WARNING:HDLCompiler:1127 - "C:\Users\USER PC\Trabajo\David\Repositorios\work02-captura-datos-0v7670-grupo-02\hdl\src\PLL\clk_100_25_24.v" Line 132: Assignment to clkfboutb_unused ignored, since the identifier is never used
WARNING:HDLCompiler:1127 - "C:\Users\USER PC\Trabajo\David\Repositorios\work02-captura-datos-0v7670-grupo-02\hdl\src\PLL\clk_100_25_24.v" Line 134: Assignment to clkout0b_unused ignored, since the identifier is never used
WARNING:HDLCompiler:1127 - "C:\Users\USER PC\Trabajo\David\Repositorios\work02-captura-datos-0v7670-grupo-02\hdl\src\PLL\clk_100_25_24.v" Line 136: Assignment to clkout1b_unused ignored, since the identifier is never used
WARNING:HDLCompiler:1127 - "C:\Users\USER PC\Trabajo\David\Repositorios\work02-captura-datos-0v7670-grupo-02\hdl\src\PLL\clk_100_25_24.v" Line 137: Assignment to clkout2_unused ignored, since the identifier is never used
WARNING:HDLCompiler:1127 - "C:\Users\USER PC\Trabajo\David\Repositorios\work02-captura-datos-0v7670-grupo-02\hdl\src\PLL\clk_100_25_24.v" Line 138: Assignment to clkout2b_unused ignored, since the identifier is never used
WARNING:HDLCompiler:1127 - "C:\Users\USER PC\Trabajo\David\Repositorios\work02-captura-datos-0v7670-grupo-02\hdl\src\PLL\clk_100_25_24.v" Line 139: Assignment to clkout3_unused ignored, since the identifier is never used
WARNING:HDLCompiler:1127 - "C:\Users\USER PC\Trabajo\David\Repositorios\work02-captura-datos-0v7670-grupo-02\hdl\src\PLL\clk_100_25_24.v" Line 140: Assignment to clkout3b_unused ignored, since the identifier is never used
WARNING:HDLCompiler:1127 - "C:\Users\USER PC\Trabajo\David\Repositorios\work02-captura-datos-0v7670-grupo-02\hdl\src\PLL\clk_100_25_24.v" Line 141: Assignment to clkout4_unused ignored, since the identifier is never used
WARNING:HDLCompiler:1127 - "C:\Users\USER PC\Trabajo\David\Repositorios\work02-captura-datos-0v7670-grupo-02\hdl\src\PLL\clk_100_25_24.v" Line 142: Assignment to clkout5_unused ignored, since the identifier is never used
WARNING:HDLCompiler:1127 - "C:\Users\USER PC\Trabajo\David\Repositorios\work02-captura-datos-0v7670-grupo-02\hdl\src\PLL\clk_100_25_24.v" Line 143: Assignment to clkout6_unused ignored, since the identifier is never used
WARNING:HDLCompiler:1127 - "C:\Users\USER PC\Trabajo\David\Repositorios\work02-captura-datos-0v7670-grupo-02\hdl\src\PLL\clk_100_25_24.v" Line 155: Assignment to do_unused ignored, since the identifier is never used
WARNING:HDLCompiler:1127 - "C:\Users\USER PC\Trabajo\David\Repositorios\work02-captura-datos-0v7670-grupo-02\hdl\src\PLL\clk_100_25_24.v" Line 156: Assignment to drdy_unused ignored, since the identifier is never used
WARNING:HDLCompiler:1127 - "C:\Users\USER PC\Trabajo\David\Repositorios\work02-captura-datos-0v7670-grupo-02\hdl\src\PLL\clk_100_25_24.v" Line 162: Assignment to psdone_unused ignored, since the identifier is never used
WARNING:HDLCompiler:1127 - "C:\Users\USER PC\Trabajo\David\Repositorios\work02-captura-datos-0v7670-grupo-02\hdl\src\PLL\clk_100_25_24.v" Line 165: Assignment to clkinstopped_unused ignored, since the identifier is never used
WARNING:HDLCompiler:1127 - "C:\Users\USER PC\Trabajo\David\Repositorios\work02-captura-datos-0v7670-grupo-02\hdl\src\PLL\clk_100_25_24.v" Line 166: Assignment to clkfbstopped_unused ignored, since the identifier is never used

Elaborating module <buffer_ram_dp(AW=17,DW=8)>.
Reading initialization file \"src/image.men\".
WARNING:HDLCompiler:1670 - "C:\Users\USER PC\Trabajo\David\Repositorios\work02-captura-datos-0v7670-grupo-02\hdl\src\buffer_ram_dp.v" Line 53: Signal <ram> in initial block is partially initialized.

Elaborating module <VGA_Driver640x480>.
WARNING:HDLCompiler:413 - "C:\Users\USER PC\Trabajo\David\Repositorios\work02-captura-datos-0v7670-grupo-02\hdl\src\VGA_driver.v" Line 68: Result of 10-bit expression is truncated to fit in 9-bit target.
WARNING:HDLCompiler:413 - "C:\Users\USER PC\Trabajo\David\Repositorios\work02-captura-datos-0v7670-grupo-02\hdl\src\VGA_driver.v" Line 72: Result of 11-bit expression is truncated to fit in 10-bit target.
WARNING:HDLCompiler:413 - "C:\Users\USER PC\Trabajo\David\Repositorios\work02-captura-datos-0v7670-grupo-02\hdl\src\test_cam.v" Line 176: Result of 18-bit expression is truncated to fit in 17-bit target.

=========================================================================
*                           HDL Synthesis                               *
=========================================================================

Synthesizing Unit <test_cam>.
    Related source file is "C:\Users\USER PC\Trabajo\David\Repositorios\work02-captura-datos-0v7670-grupo-02\hdl\src\test_cam.v".
        CAM_SCREEN_X = 320
        CAM_SCREEN_Y = 240
INFO:Xst:3210 - "C:\Users\USER PC\Trabajo\David\Repositorios\work02-captura-datos-0v7670-grupo-02\hdl\src\test_cam.v" line 124: Output port <LOCKED> of the instance <clk25_24> is unconnected or connected to loadless signal.
    Found 17-bit adder for signal <GND_1_o_VGA_posY[8]_add_6_OUT> created at line 176.
    Found 9x8-bit multiplier for signal <n0029> created at line 176.
    Found 10-bit comparator greater for signal <GND_1_o_VGA_posX[9]_LessThan_4_o> created at line 173
    Found 9-bit comparator greater for signal <GND_1_o_VGA_posY[8]_LessThan_5_o> created at line 173
    Summary:
	inferred   1 Multiplier(s).
	inferred   1 Adder/Subtractor(s).
	inferred   2 Comparator(s).
	inferred   1 Multiplexer(s).
Unit <test_cam> synthesized.

Synthesizing Unit <Capturador_DD>.
    Related source file is "C:\Users\USER PC\Trabajo\David\Repositorios\work02-captura-datos-0v7670-grupo-02\hdl\src\Capturador_DD.v".
    Found 17-bit register for signal <addr>.
    Found 1-bit register for signal <regwrite>.
    Found 1-bit register for signal <data<7>>.
    Found 1-bit register for signal <data<6>>.
    Found 1-bit register for signal <data<5>>.
    Found 1-bit register for signal <data<4>>.
    Found 1-bit register for signal <data<3>>.
    Found 1-bit register for signal <data<2>>.
    Found 1-bit register for signal <data<1>>.
    Found 1-bit register for signal <data<0>>.
    Found 3-bit register for signal <state>.
    Found finite state machine <FSM_0> for signal <state>.
    -----------------------------------------------------------------------
    | States             | 6                                              |
    | Transitions        | 13                                             |
    | Inputs             | 3                                              |
    | Outputs            | 3                                              |
    | Clock              | PCLK (rising_edge)                             |
    | Power Up State     | 000                                            |
    | Encoding           | auto                                           |
    | Implementation     | LUT                                            |
    -----------------------------------------------------------------------
    Found 17-bit adder for signal <addr[16]_GND_2_o_add_9_OUT> created at line 52.
    Summary:
	inferred   1 Adder/Subtractor(s).
	inferred  26 D-type flip-flop(s).
	inferred   1 Finite State Machine(s).
Unit <Capturador_DD> synthesized.

Synthesizing Unit <clk_100_25_24>.
    Related source file is "C:\Users\USER PC\Trabajo\David\Repositorios\work02-captura-datos-0v7670-grupo-02\hdl\src\PLL\clk_100_25_24.v".
    Summary:
	no macro.
Unit <clk_100_25_24> synthesized.

Synthesizing Unit <buffer_ram_dp>.
    Related source file is "C:\Users\USER PC\Trabajo\David\Repositorios\work02-captura-datos-0v7670-grupo-02\hdl\src\buffer_ram_dp.v".
        AW = 17
        DW = 8
        imageFILE = "src/image.men"
    Found 131072x8-bit dual-port RAM <Mram_ram> for signal <ram>.
    Found 8-bit register for signal <data_out>.
    Summary:
	inferred   1 RAM(s).
	inferred   8 D-type flip-flop(s).
Unit <buffer_ram_dp> synthesized.

Synthesizing Unit <VGA_Driver640x480>.
    Related source file is "C:\Users\USER PC\Trabajo\David\Repositorios\work02-captura-datos-0v7670-grupo-02\hdl\src\VGA_driver.v".
    Found 9-bit register for signal <countY>.
    Found 10-bit register for signal <countX>.
    Found 9-bit adder for signal <countY[8]_GND_7_o_add_10_OUT> created at line 68.
    Found 10-bit adder for signal <countX[9]_GND_7_o_add_11_OUT> created at line 72.
    Found 10-bit comparator greater for signal <countX[9]_PWR_7_o_LessThan_3_o> created at line 50
    Found 10-bit comparator lessequal for signal <n0004> created at line 52
    Found 10-bit comparator greater for signal <countX[9]_PWR_7_o_LessThan_6_o> created at line 52
    Found 9-bit comparator lessequal for signal <n0009> created at line 53
    Found 9-bit comparator greater for signal <countY[8]_PWR_7_o_LessThan_8_o> created at line 53
    Found 10-bit comparator greater for signal <n0014> created at line 62
    Summary:
	inferred   2 Adder/Subtractor(s).
	inferred  19 D-type flip-flop(s).
	inferred   6 Comparator(s).
	inferred   2 Multiplexer(s).
Unit <VGA_Driver640x480> synthesized.

=========================================================================
HDL Synthesis Report

Macro Statistics
# RAMs                                                 : 1
 131072x8-bit dual-port RAM                            : 1
# Multipliers                                          : 1
 9x8-bit multiplier                                    : 1
# Adders/Subtractors                                   : 4
 10-bit adder                                          : 1
 17-bit adder                                          : 2
 9-bit adder                                           : 1
# Registers                                            : 6
 1-bit register                                        : 1
 10-bit register                                       : 1
 17-bit register                                       : 1
 8-bit register                                        : 2
 9-bit register                                        : 1
# Comparators                                          : 8
 10-bit comparator greater                             : 4
 10-bit comparator lessequal                           : 1
 9-bit comparator greater                              : 2
 9-bit comparator lessequal                            : 1
# Multiplexers                                         : 3
 10-bit 2-to-1 multiplexer                             : 1
 17-bit 2-to-1 multiplexer                             : 1
 8-bit 2-to-1 multiplexer                              : 1
# FSMs                                                 : 1

=========================================================================

=========================================================================
*                       Advanced HDL Synthesis                          *
=========================================================================


Synthesizing (advanced) Unit <VGA_Driver640x480>.
The following registers are absorbed into counter <countX>: 1 register on signal <countX>.
The following registers are absorbed into counter <countY>: 1 register on signal <countY>.
Unit <VGA_Driver640x480> synthesized (advanced).

Synthesizing (advanced) Unit <test_cam>.
	Multiplier <Mmult_n0029> in block <test_cam> and adder/subtractor <Madd_GND_1_o_VGA_posY[8]_add_6_OUT> in block <test_cam> are combined into a MAC<Maddsub_n0029>.
INFO:Xst:3226 - The RAM <DP_RAM/Mram_ram> will be implemented as a BLOCK RAM, absorbing the following register(s): <DP_RAM/data_out>
    -----------------------------------------------------------------------
    | ram_type           | Block                               |          |
    -----------------------------------------------------------------------
    | Port A                                                              |
    |     aspect ratio   | 131072-word x 8-bit                 |          |
    |     mode           | write-first                         |          |
    |     clkA           | connected to signal <clk>           | rise     |
    |     weA            | connected to signal <DP_RAM_regW>   | high     |
    |     addrA          | connected to signal <DP_RAM_addr_in> |          |
    |     diA            | connected to signal <DP_RAM_data_in> |          |
    -----------------------------------------------------------------------
    | optimization       | speed                               |          |
    -----------------------------------------------------------------------
    | Port B                                                              |
    |     aspect ratio   | 131072-word x 8-bit                 |          |
    |     mode           | write-first                         |          |
    |     clkB           | connected to signal <clk25M>        | rise     |
    |     addrB          | connected to signal <DP_RAM_addr_out> |          |
    |     doB            | connected to signal <data_mem>      |          |
    -----------------------------------------------------------------------
    | optimization       | speed                               |          |
    -----------------------------------------------------------------------
Unit <test_cam> synthesized (advanced).

=========================================================================
Advanced HDL Synthesis Report

Macro Statistics
# RAMs                                                 : 1
 131072x8-bit dual-port block RAM                      : 1
# MACs                                                 : 1
 9x8-to-17-bit MAC                                     : 1
# Adders/Subtractors                                   : 1
 17-bit adder                                          : 1
# Counters                                             : 2
 10-bit up counter                                     : 1
 9-bit up counter                                      : 1
# Registers                                            : 26
 Flip-Flops                                            : 26
# Comparators                                          : 8
 10-bit comparator greater                             : 4
 10-bit comparator lessequal                           : 1
 9-bit comparator greater                              : 2
 9-bit comparator lessequal                            : 1
# Multiplexers                                         : 2
 17-bit 2-to-1 multiplexer                             : 1
 8-bit 2-to-1 multiplexer                              : 1
# FSMs                                                 : 1

=========================================================================

=========================================================================
*                         Low Level Synthesis                           *
=========================================================================
Analyzing FSM <MFsm> for best encoding.
Optimizing FSM <FSM_0> on signal <state[1:3]> with gray encoding.
-------------------
 State | Encoding
-------------------
 000   | 000
 001   | 001
 010   | 011
 011   | 010
 100   | 110
 101   | 111
-------------------

Optimizing unit <test_cam> ...

Optimizing unit <VGA_Driver640x480> ...

Mapping all equations...
Building and optimizing final netlist ...
Found area constraint ratio of 100 (+ 5) on block test_cam, actual ratio is 0.

Final Macro Processing ...

=========================================================================
Final Register Report

Macro Statistics
# Registers                                            : 49
 Flip-Flops                                            : 49

=========================================================================

=========================================================================
*                           Partition Report                            *
=========================================================================

Partition Implementation Status
-------------------------------

  No Partitions were found in this design.

-------------------------------

=========================================================================
*                            Design Summary                             *
=========================================================================

Top Level Output File Name         : test_cam.ngc

Primitive and Black Box Usage:
------------------------------
# BELS                             : 252
#      GND                         : 1
#      INV                         : 2
#      LUT1                        : 30
#      LUT2                        : 27
#      LUT3                        : 5
#      LUT4                        : 17
#      LUT5                        : 28
#      LUT6                        : 24
#      MUXCY                       : 56
#      VCC                         : 1
#      XORCY                       : 61
# FlipFlops/Latches                : 49
#      FD                          : 30
#      FDR                         : 10
#      FDRE                        : 9
# RAMS                             : 32
#      RAMB36E1                    : 32
# Clock Buffers                    : 5
#      BUFG                        : 4
#      BUFGP                       : 1
# IO Buffers                       : 30
#      IBUF                        : 12
#      IBUFG                       : 1
#      OBUF                        : 17
# Others                           : 1
#      MMCME2_ADV                  : 1

Device utilization summary:
---------------------------

Selected Device : 7a100tcsg324-3 


Slice Logic Utilization: 
 Number of Slice Registers:              49  out of  126800     0%  
 Number of Slice LUTs:                  133  out of  63400     0%  
    Number used as Logic:               133  out of  63400     0%  

Slice Logic Distribution: 
 Number of LUT Flip Flop pairs used:    134
   Number with an unused Flip Flop:      85  out of    134    63%  
   Number with an unused LUT:             1  out of    134     0%  
   Number of fully used LUT-FF pairs:    48  out of    134    35%  
   Number of unique control sets:         4

IO Utilization: 
 Number of IOs:                          31
 Number of bonded IOBs:                  31  out of    210    14%  

Specific Feature Utilization:
 Number of Block RAM/FIFO:               32  out of    135    23%  
    Number using Block RAM only:         32
 Number of BUFG/BUFGCTRLs:                5  out of     32    15%  

---------------------------
Partition Resource Summary:
---------------------------

  No Partitions were found in this design.

---------------------------


=========================================================================
Timing Report

NOTE: THESE TIMING NUMBERS ARE ONLY A SYNTHESIS ESTIMATE.
      FOR ACCURATE TIMING INFORMATION PLEASE REFER TO THE TRACE REPORT
      GENERATED AFTER PLACE-and-ROUTE.

Clock Information:
------------------
-----------------------------------+------------------------+-------+
Clock Signal                       | Clock buffer(FF name)  | Load  |
-----------------------------------+------------------------+-------+
PCLK                               | BUFGP                  | 29    |
clk25_24/clkout0                   | BUFG                   | 52    |
clk                                | IBUFG                  | 32    |
-----------------------------------+------------------------+-------+

Asynchronous Control Signals Information:
----------------------------------------
------------------------------------+------------------------+-------+
Control Signal                      | Buffer(FF name)        | Load  |
------------------------------------+------------------------+-------+
N100(DP_RAM/Mram_ram161:CASCADEOUTB)| NONE(DP_RAM/Mram_ram16)| 2     |
N38(DP_RAM/Mram_ram31:CASCADEOUTA)  | NONE(DP_RAM/Mram_ram3) | 2     |
N40(DP_RAM/Mram_ram31:CASCADEOUTB)  | NONE(DP_RAM/Mram_ram3) | 2     |
N42(DP_RAM/Mram_ram17:CASCADEOUTA)  | NONE(DP_RAM/Mram_ram1) | 2     |
N44(DP_RAM/Mram_ram17:CASCADEOUTB)  | NONE(DP_RAM/Mram_ram1) | 2     |
N46(DP_RAM/Mram_ram21:CASCADEOUTA)  | NONE(DP_RAM/Mram_ram2) | 2     |
N48(DP_RAM/Mram_ram21:CASCADEOUTB)  | NONE(DP_RAM/Mram_ram2) | 2     |
N50(DP_RAM/Mram_ram41:CASCADEOUTA)  | NONE(DP_RAM/Mram_ram4) | 2     |
N52(DP_RAM/Mram_ram41:CASCADEOUTB)  | NONE(DP_RAM/Mram_ram4) | 2     |
N54(DP_RAM/Mram_ram51:CASCADEOUTA)  | NONE(DP_RAM/Mram_ram5) | 2     |
N56(DP_RAM/Mram_ram51:CASCADEOUTB)  | NONE(DP_RAM/Mram_ram5) | 2     |
N58(DP_RAM/Mram_ram81:CASCADEOUTA)  | NONE(DP_RAM/Mram_ram8) | 2     |
N60(DP_RAM/Mram_ram81:CASCADEOUTB)  | NONE(DP_RAM/Mram_ram8) | 2     |
N62(DP_RAM/Mram_ram61:CASCADEOUTA)  | NONE(DP_RAM/Mram_ram6) | 2     |
N64(DP_RAM/Mram_ram61:CASCADEOUTB)  | NONE(DP_RAM/Mram_ram6) | 2     |
N66(DP_RAM/Mram_ram71:CASCADEOUTA)  | NONE(DP_RAM/Mram_ram7) | 2     |
N68(DP_RAM/Mram_ram71:CASCADEOUTB)  | NONE(DP_RAM/Mram_ram7) | 2     |
N70(DP_RAM/Mram_ram91:CASCADEOUTA)  | NONE(DP_RAM/Mram_ram9) | 2     |
N72(DP_RAM/Mram_ram91:CASCADEOUTB)  | NONE(DP_RAM/Mram_ram9) | 2     |
N74(DP_RAM/Mram_ram101:CASCADEOUTA) | NONE(DP_RAM/Mram_ram10)| 2     |
N76(DP_RAM/Mram_ram101:CASCADEOUTB) | NONE(DP_RAM/Mram_ram10)| 2     |
N78(DP_RAM/Mram_ram131:CASCADEOUTA) | NONE(DP_RAM/Mram_ram13)| 2     |
N80(DP_RAM/Mram_ram131:CASCADEOUTB) | NONE(DP_RAM/Mram_ram13)| 2     |
N82(DP_RAM/Mram_ram111:CASCADEOUTA) | NONE(DP_RAM/Mram_ram11)| 2     |
N84(DP_RAM/Mram_ram111:CASCADEOUTB) | NONE(DP_RAM/Mram_ram11)| 2     |
N86(DP_RAM/Mram_ram121:CASCADEOUTA) | NONE(DP_RAM/Mram_ram12)| 2     |
N88(DP_RAM/Mram_ram121:CASCADEOUTB) | NONE(DP_RAM/Mram_ram12)| 2     |
N90(DP_RAM/Mram_ram141:CASCADEOUTA) | NONE(DP_RAM/Mram_ram14)| 2     |
N92(DP_RAM/Mram_ram141:CASCADEOUTB) | NONE(DP_RAM/Mram_ram14)| 2     |
N94(DP_RAM/Mram_ram151:CASCADEOUTA) | NONE(DP_RAM/Mram_ram15)| 2     |
N96(DP_RAM/Mram_ram151:CASCADEOUTB) | NONE(DP_RAM/Mram_ram15)| 2     |
N98(DP_RAM/Mram_ram161:CASCADEOUTA) | NONE(DP_RAM/Mram_ram16)| 2     |
------------------------------------+------------------------+-------+

Timing Summary:
---------------
Speed Grade: -3

   Minimum period: 3.859ns (Maximum Frequency: 259.101MHz)
   Minimum input arrival time before clock: 0.713ns
   Maximum output required time after clock: 1.682ns
   Maximum combinational path delay: 0.364ns

Timing Details:
---------------
All values displayed in nanoseconds (ns)

=========================================================================
Timing constraint: Default period analysis for Clock 'PCLK'
  Clock period: 2.367ns (frequency: 422.533MHz)
  Total number of paths / destination ports: 258 / 29
-------------------------------------------------------------------------
Delay:               2.367ns (Levels of Logic = 17)
  Source:            Captura/addr_0 (FF)
  Destination:       Captura/addr_14 (FF)
  Source Clock:      PCLK rising
  Destination Clock: PCLK rising

  Data Path: Captura/addr_0 to Captura/addr_14
                                Gate     Net
    Cell:in->out      fanout   Delay   Delay  Logical Name (Net Name)
    ----------------------------------------  ------------
     FD:C->Q              34   0.361   0.386  Captura/addr_0 (Captura/addr_0)
     INV:I->O              1   0.113   0.000  Captura/Madd_addr[16]_GND_2_o_add_9_OUT_lut<0>_INV_0 (Captura/Madd_addr[16]_GND_2_o_add_9_OUT_lut<0>)
     MUXCY:S->O            1   0.353   0.000  Captura/Madd_addr[16]_GND_2_o_add_9_OUT_cy<0> (Captura/Madd_addr[16]_GND_2_o_add_9_OUT_cy<0>)
     MUXCY:CI->O           1   0.023   0.000  Captura/Madd_addr[16]_GND_2_o_add_9_OUT_cy<1> (Captura/Madd_addr[16]_GND_2_o_add_9_OUT_cy<1>)
     MUXCY:CI->O           1   0.023   0.000  Captura/Madd_addr[16]_GND_2_o_add_9_OUT_cy<2> (Captura/Madd_addr[16]_GND_2_o_add_9_OUT_cy<2>)
     MUXCY:CI->O           1   0.023   0.000  Captura/Madd_addr[16]_GND_2_o_add_9_OUT_cy<3> (Captura/Madd_addr[16]_GND_2_o_add_9_OUT_cy<3>)
     MUXCY:CI->O           1   0.023   0.000  Captura/Madd_addr[16]_GND_2_o_add_9_OUT_cy<4> (Captura/Madd_addr[16]_GND_2_o_add_9_OUT_cy<4>)
     MUXCY:CI->O           1   0.023   0.000  Captura/Madd_addr[16]_GND_2_o_add_9_OUT_cy<5> (Captura/Madd_addr[16]_GND_2_o_add_9_OUT_cy<5>)
     MUXCY:CI->O           1   0.023   0.000  Captura/Madd_addr[16]_GND_2_o_add_9_OUT_cy<6> (Captura/Madd_addr[16]_GND_2_o_add_9_OUT_cy<6>)
     MUXCY:CI->O           1   0.023   0.000  Captura/Madd_addr[16]_GND_2_o_add_9_OUT_cy<7> (Captura/Madd_addr[16]_GND_2_o_add_9_OUT_cy<7>)
     MUXCY:CI->O           1   0.023   0.000  Captura/Madd_addr[16]_GND_2_o_add_9_OUT_cy<8> (Captura/Madd_addr[16]_GND_2_o_add_9_OUT_cy<8>)
     MUXCY:CI->O           1   0.023   0.000  Captura/Madd_addr[16]_GND_2_o_add_9_OUT_cy<9> (Captura/Madd_addr[16]_GND_2_o_add_9_OUT_cy<9>)
     MUXCY:CI->O           1   0.023   0.000  Captura/Madd_addr[16]_GND_2_o_add_9_OUT_cy<10> (Captura/Madd_addr[16]_GND_2_o_add_9_OUT_cy<10>)
     MUXCY:CI->O           1   0.023   0.000  Captura/Madd_addr[16]_GND_2_o_add_9_OUT_cy<11> (Captura/Madd_addr[16]_GND_2_o_add_9_OUT_cy<11>)
     MUXCY:CI->O           1   0.023   0.000  Captura/Madd_addr[16]_GND_2_o_add_9_OUT_cy<12> (Captura/Madd_addr[16]_GND_2_o_add_9_OUT_cy<12>)
     MUXCY:CI->O           1   0.023   0.000  Captura/Madd_addr[16]_GND_2_o_add_9_OUT_cy<13> (Captura/Madd_addr[16]_GND_2_o_add_9_OUT_cy<13>)
     XORCY:CI->O           1   0.370   0.379  Captura/Madd_addr[16]_GND_2_o_add_9_OUT_xor<14> (Captura/addr[16]_GND_2_o_add_9_OUT<14>)
     LUT5:I3->O            1   0.097   0.000  Captura/state[2]_GND_2_o_select_14_OUT<14>1 (Captura/state[2]_GND_2_o_select_14_OUT<14>)
     FD:D                      0.008          Captura/addr_14
    ----------------------------------------
    Total                      2.367ns (1.601ns logic, 0.766ns route)
                                       (67.6% logic, 32.4% route)

=========================================================================
Timing constraint: Default period analysis for Clock 'clk25_24/clkout0'
  Clock period: 3.859ns (frequency: 259.101MHz)
  Total number of paths / destination ports: 1400 / 29
-------------------------------------------------------------------------
Delay:               3.859ns (Levels of Logic = 10)
  Source:            VGA640x480/countY_7 (FF)
  Destination:       inst_LPM_FF (FF)
  Source Clock:      clk25_24/clkout0 rising
  Destination Clock: clk25_24/clkout0 rising

  Data Path: VGA640x480/countY_7 to inst_LPM_FF
                                Gate     Net
    Cell:in->out      fanout   Delay   Delay  Logical Name (Net Name)
    ----------------------------------------  ------------
     FDRE:C->Q             9   0.361   0.720  VGA640x480/countY_7 (VGA640x480/countY_7)
     LUT5:I0->O            2   0.097   0.299  Maddsub_n0029_Madd_1221 (Maddsub_n0029_Madd_122)
     LUT6:I5->O            1   0.097   0.000  Maddsub_n0029_Madd3_lut<10> (Maddsub_n0029_Madd3_lut<10>)
     MUXCY:S->O            1   0.353   0.000  Maddsub_n0029_Madd3_cy<10> (Maddsub_n0029_Madd3_cy<10>)
     MUXCY:CI->O           1   0.023   0.000  Maddsub_n0029_Madd3_cy<11> (Maddsub_n0029_Madd3_cy<11>)
     MUXCY:CI->O           1   0.023   0.000  Maddsub_n0029_Madd3_cy<12> (Maddsub_n0029_Madd3_cy<12>)
     XORCY:CI->O           1   0.370   0.295  Maddsub_n0029_Madd3_xor<13> (Maddsub_n0029_15)
     LUT1:I0->O            1   0.097   0.000  Maddsub_n0029_Madd_cy<15>_rt (Maddsub_n0029_Madd_cy<15>_rt)
     MUXCY:S->O            0   0.353   0.000  Maddsub_n0029_Madd_cy<15> (Maddsub_n0029_Madd_cy<15>)
     XORCY:CI->O           1   0.370   0.295  Maddsub_n0029_Madd_xor<16> (GND_1_o_VGA_posY[8]_add_6_OUT<16>)
     LUT2:I1->O            1   0.097   0.000  Mmux_DP_RAM_addr_out81 (DP_RAM_addr_out<16>)
     FD:D                      0.008          inst_LPM_FF
    ----------------------------------------
    Total                      3.859ns (2.249ns logic, 1.611ns route)
                                       (58.3% logic, 41.7% route)

=========================================================================
Timing constraint: Default OFFSET IN BEFORE for Clock 'PCLK'
  Total number of paths / destination ports: 14 / 11
-------------------------------------------------------------------------
Offset:              0.672ns (Levels of Logic = 2)
  Source:            HREF (PAD)
  Destination:       Captura/state_FSM_FFd2 (FF)
  Destination Clock: PCLK rising

  Data Path: HREF to Captura/state_FSM_FFd2
                                Gate     Net
    Cell:in->out      fanout   Delay   Delay  Logical Name (Net Name)
    ----------------------------------------  ------------
     IBUF:I->O             3   0.001   0.566  HREF_IBUF (HREF_IBUF)
     LUT4:I0->O            1   0.097   0.000  Captura/state_FSM_FFd1-In1 (Captura/state_FSM_FFd1-In)
     FD:D                      0.008          Captura/state_FSM_FFd1
    ----------------------------------------
    Total                      0.672ns (0.106ns logic, 0.566ns route)
                                       (15.8% logic, 84.2% route)

=========================================================================
Timing constraint: Default OFFSET IN BEFORE for Clock 'clk25_24/clkout0'
  Total number of paths / destination ports: 19 / 19
-------------------------------------------------------------------------
Offset:              0.713ns (Levels of Logic = 1)
  Source:            rst (PAD)
  Destination:       VGA640x480/countY_8 (FF)
  Destination Clock: clk25_24/clkout0 rising

  Data Path: rst to VGA640x480/countY_8
                                Gate     Net
    Cell:in->out      fanout   Delay   Delay  Logical Name (Net Name)
    ----------------------------------------  ------------
     IBUF:I->O            19   0.001   0.363  rst_IBUF (rst_IBUF)
     FDR:R                     0.349          VGA640x480/countX_0
    ----------------------------------------
    Total                      0.713ns (0.350ns logic, 0.363ns route)
                                       (49.1% logic, 50.9% route)

=========================================================================
Timing constraint: Default OFFSET OUT AFTER for Clock 'clk25_24/clkout0'
  Total number of paths / destination ports: 46 / 10
-------------------------------------------------------------------------
Offset:              1.682ns (Levels of Logic = 3)
  Source:            VGA640x480/countY_5 (FF)
  Destination:       VGA_Vsync_n (PAD)
  Source Clock:      clk25_24/clkout0 rising

  Data Path: VGA640x480/countY_5 to VGA_Vsync_n
                                Gate     Net
    Cell:in->out      fanout   Delay   Delay  Logical Name (Net Name)
    ----------------------------------------  ------------
     FDRE:C->Q            10   0.361   0.553  VGA640x480/countY_5 (VGA640x480/countY_5)
     LUT3:I0->O            1   0.097   0.295  VGA640x480/Vsync_n_SW0 (N22)
     LUT6:I5->O            1   0.097   0.279  VGA640x480/Vsync_n (VGA_Vsync_n_OBUF)
     OBUF:I->O                 0.000          VGA_Vsync_n_OBUF (VGA_Vsync_n)
    ----------------------------------------
    Total                      1.682ns (0.555ns logic, 1.127ns route)
                                       (33.0% logic, 67.0% route)

=========================================================================
Timing constraint: Default path analysis
  Total number of paths / destination ports: 1 / 1
-------------------------------------------------------------------------
Delay:               0.364ns (Levels of Logic = 1)
  Source:            rst (PAD)
  Destination:       clk25_24/mmcm_adv_inst:RST (PAD)

  Data Path: rst to clk25_24/mmcm_adv_inst:RST
                                Gate     Net
    Cell:in->out      fanout   Delay   Delay  Logical Name (Net Name)
    ----------------------------------------  ------------
     IBUF:I->O            19   0.001   0.363  rst_IBUF (rst_IBUF)
    MMCME2_ADV:RST             0.000          clk25_24/mmcm_adv_inst
    ----------------------------------------
    Total                      0.364ns (0.001ns logic, 0.363ns route)
                                       (0.3% logic, 99.7% route)

=========================================================================

Cross Clock Domains Report:
--------------------------

Clock to Setup on destination clock PCLK
---------------+---------+---------+---------+---------+
               | Src:Rise| Src:Fall| Src:Rise| Src:Fall|
Source Clock   |Dest:Rise|Dest:Rise|Dest:Fall|Dest:Fall|
---------------+---------+---------+---------+---------+
PCLK           |    2.367|         |         |         |
---------------+---------+---------+---------+---------+

Clock to Setup on destination clock clk
---------------+---------+---------+---------+---------+
               | Src:Rise| Src:Fall| Src:Rise| Src:Fall|
Source Clock   |Dest:Rise|Dest:Rise|Dest:Fall|Dest:Fall|
---------------+---------+---------+---------+---------+
PCLK           |    1.236|         |         |         |
---------------+---------+---------+---------+---------+

Clock to Setup on destination clock clk25_24/clkout0
----------------+---------+---------+---------+---------+
                | Src:Rise| Src:Fall| Src:Rise| Src:Fall|
Source Clock    |Dest:Rise|Dest:Rise|Dest:Fall|Dest:Fall|
----------------+---------+---------+---------+---------+
clk25_24/clkout0|    3.859|         |         |         |
----------------+---------+---------+---------+---------+

=========================================================================


Total REAL time to Xst completion: 114.00 secs
Total CPU time to Xst completion: 113.37 secs
 
--> 

Total memory usage is 372028 kilobytes

Number of errors   :    0 (   0 filtered)
Number of warnings :   21 (   0 filtered)
Number of infos    :    2 (   0 filtered)

